gavrasm Gerd's AVR assembler version 5.1 (C)2021 by DG4FAC
----------------------------------------------------------

Path:        /home/castilla/Desktop/9 semestre/microcontroladores/tarea2/
Source file: tarea2.asm
Hex file:    tarea2.hex
Eeprom file: tarea2.eep
Compiled:    03.04.2022, 12:52:49
Pass:        2

     1: .nolist
     4: 
     5: .cseg
     6: .org 0x0000
     7: 000000   940C  JMP main
        000001   0040
     8: 
     9: .org 0x0040
    10: main:
    11: 000040   E906  LDI R16, 0x96
    12: 000041   E010  LDI R17, 0x00
    13: 000042   E020  LDI R18, 0x00
    14: 000043   E030  LDI R19, 0x00
    15: 000044   E040  LDI R20, 0x0
    16: loop:
    17: 000045   304A  CPI R20, 0x0A
    18: 000046   F021  BREQ result
    19: 000047   0F20  ADD R18,R16
    20: 000048   1F31  ADC R19,R17
    21: 000049   9543  INC R20
    22: 00004A   CFFA  RJMP loop
    23: result:
    24: 00004B   9330  STS 0x0100, R19
        00004C   0100
    25: 00004D   9320  STS 0x0101, R18
        00004E   0101
    26: 00004F   9598  break

List of symbols:
Type nDef nUsed             Decimalval           Hexval Name
  T     1     1                    171               AB ATMEGA328P
  L     1     0                      0               00 RESET
  L     1     1                     64               40 MAIN
  L     1     2                     69               45 LOOP
  L     1     2                     75               4B RESULT
  C     1     0                     22               16 NOW_Y
  C     1     0                      4               04 NOW_M
  C     1     0                      3               03 NOW_D
  C     1     0                  44654             AE6E NOW_I
   No macros.

Program             :       18 words.
Constants           :        0 words.
Total program memory:       18 words.
Eeprom space        :        0 bytes.
Data segment        :        0 bytes.
Compilation completed, no errors.
Compilation ended 03.04.2022, 12:52:49
